<?xml version="1.0" encoding="utf-8"?><testsuites><testsuite name="pytest" errors="0" failures="0" skipped="0" tests="0" time="2.656" timestamp="2025-11-20T14:49:38.865380+09:00" hostname="DESKTOP-2ORBMNN" /></testsuites>